// Jest Snapshot v1, https://goo.gl/fbAQLP

exports[`Tag snapshot 1`] = `
<span
  className="me-2"
>
  <span
    className="inline font-bold text-sm uppercase py-1 px-2 rounded bg-yellow-50 text-white"
  >
    Foundation
  </span>
</span>
`;
